// Jest Snapshot v1, https://goo.gl/fbAQLP

exports[`should correctly shallow render App 1`] = `
<div>
  <Overview />
  <Footer />
</div>
`;
